
FreeBSD11 桌面化
Installing a Desktop Environment on FreeBSD



rsync  -avzP --progress  evanlai/  192.168.1.101:/home/evan/kalibak/ 2>&1  | tee  logtobsd.log  


在kali 向bsd添加pub key 然后还是登录不了
van@evankali:~/.ssh$ ssh -i id_rsa 192.168.1.11
sign_and_send_pubkey: signing failed: agent refused operation
Password for evan@homebsd:


==0基本系统已安装 没有gui==

0.# set time
 ntpdate cn.pool.ntp.org
 


==1 安装 gui 相关==
=== 安装===
不用 portnaps 直接pkg 

#昨晚这个默认居然是没有cn的 我去 搞半天  
vi /etc/portsnap.conf
SERVERNAME=portsnap.cn.FreeBSD.org


#不安装gnome3 好像就没有gdm 
pkg install xorg mate 
#pkg install xf86-video-fbdev mate-desktop mate xorg

#pkg install   xorg  slim  enlightenment # gnome2

# pkg install enlightenment
# pkg install terminology

===配置===

vi /etc/fstab
proc /proc procfs rw 0 0

sysrc  'hald_enable=YES'  'dbus_enable=YES'    'gdm_enable=YES' 


汉化  第一次失败了 第二再重装一下又好了
$ vi  .xinitrc 
export LC_ALL=zh_CN.UTF-8
export LANGUAGE=zh_CN.UTF-8.UTF-8
export LANG=zh_CN.UTF-8.UTF-8
#exec mate-session 不用这个 mate 默认没有gdm了 如果用slim 还是要用这个

sysrc 'slim_enable=YES'

===输入法===

==== install ====
##记得 一定要加上chinese/ 不然是pkg 不到东西的
pkg install chinese/fcitx 

pkg install chinese/fcitx  chinese/fcitx-configtool chinese/fcitx-table-extra  chinese/fcitx-ui-light


==== configure ====
evan@home:~ % cat .xinitrc 
export LC_ALL=zh_CN.UTF-8
export LANGUAGE=zh_CN.UTF-8.UTF-8
export LANG=zh_CN.UTF-8.UTF-8
export XMODIFIERS='@im=fcitx'	
export GTK_IM_MODULE=fcitx
export GTK3_IM_MODULE=fcitx

 mkdir -p ~/.config/autostart/
cp /usr/local/share/applications/fcitx.desktop     ~/.config/autostart/



== ops and develop  ==
pkg install git  rsync sudo vim bash   terminal

echo 'evan ALL=(ALL) NOPASSWD:NOPASSWD:ALL' >/usr/local/etc/sudoers.d/evan




pkg install  python
https://docs.python.org/2.7/using/unix.html
https://docs.python.org/3.3/using/unix.html

6. python  ide 
 pkg install python  intellij-pycharm
ln -s /usr/local/bin/python2  /usr/bin/python



faded
here



===更改freebsd shell为bash vi 为vim ===
pkg install bash vim 

root@home:~ # where  vi
/usr/bin/vi

mv /usr/bin/vi /usr/bin/bakvi && ln -s /usr/local/bin/vim  /usr/bin/vi




第二设置bash
evan# whereis bash
bash: /usr/local/bin/bash 

#sudo mv /bin/sh /bin/bak_sh

##做了下面这个ln 以后我们把平时在linux下跑的 shell 脚本拿到freebsd跑，也绝大部分没问题了
ln -s /usr/local/bin/bash /bin/bash
#ln -s /usr/local/bin/bash /bin/sh

tcsh -s /bin/bash

tcsh -s /usr/local/bin/bash

evan# chsh -s /usr/local/bin/bash
chsh: user information updated
注销重启后 如下 搞定
[root@evan ~]# echo $SHELL
/usr/local/bin/bash






=== 影音=== 
pkg install vlc 



fstab 
evan@homebsd:~/kalibak % cat /etc/fstab 
# Device	Mountpoint	FStype	Options	Dump	Pass#
/dev/ada0p1	none		swap	sw	0	0
/dev/ada0p3	/		ufs	rw	1	1
/dev/ada0p4	/home		ufs	rw	2	2
proc /proc procfs rw 0 0





==Browsers==

https://www.freebsd.org/doc/handbook/desktop-browsers.html

pkg install   chromium  firefox 

## log 
Message from chromium-56.0.2924.87_1:
For correct operation, shared memory support has to be enabled
in Chromium by performing the following command as root :

sysctl kern.ipc.shm_allow_removed=1

To preserve this setting across reboots, append the following
to /etc/sysctl.conf :

kern.ipc.shm_allow_removed=1







FreeBSD as a Host with VirtualBox
https://www.freebsd.org/doc/handbook/virtualization-host-virtualbox.html
https://wiki.freebsd.org/VirtualBox

安装flashplayer插件

安装 nspluginwrapper
cd /usr/ports/www/nspluginwrapper    
make    
make install
安装 linux-c6-flashplugin11
cd /usr/ports/www/linux-c6-flashplugin11   
make  
make install
执行nspluginwrapper -v -a -i
若报错Kernel too old, 执行命令sysctl compat.linux.osrelease=2.6.18
修改/etc/sysctl.conf, 增加compat.linux.osrelease=2.6.18
修改/etc/fstab
linproc /usr/compat/linux/proc linprocfs rw 0 0
备注

安装步骤参考FreeBSD Handbook
安装nspluginwrapper会安装linux_base-c6
注意安装的版本


FreeBSD从入门到放弃
https://linxiaohui.gitbooks.io/notes-on-freebsd/content/






Installing a Desktop Environment on FreeBSD
https://www.freebsdfoundation.org/freebsd/how-to-guides/installing-a-desktop-environment-on-freebsd/#!





How to Install FreeBSD 10.2 with Mate Desktop
http://linoxide.com/linux-how-to/install-freebsd-10-2-mate-desktop/


https://wiki.lxde.org/en/FreeBSD

Installing Mate desktop on FreeBSD 11
http://www.vpierre.it/installing-mate-desktop-on-freebsd-11/

fetch 获取数据
extract 释放全部ports
update 更新ports
第一次使用可以 portsnap fetch extract
以后使用可以 portsnap fetch update
portsnap   extract;  portsnap update

如果写在cron可以用 portsnap cron update


FreeBSD 简明用户指南

install gnome3  kde4 xfce etc 
https://www.freebsd.org/doc/handbook/x11-wm.html

Browsers
https://www.freebsd.org/doc/handbook/desktop-browsers.html
pkg install firefox 
pkg install swfdec-plugin


 MP3 Audio
https://www.freebsd.org/doc/handbook/sound-mp3.html


:
https://bsdelf.github.io/posts/freebsd-brief-user-guide

https://huataihuang.gitbooks.io/cloud-atlas/content/os/freebsd/packages_and_ports.html


https://antumdeluge.wordpress.com/2014/07/19/how-to-install-freebsd/


20170215
 FreeBSD简单汉化终结篇[基于core font的汉化]
http://bbs.watchstor.com/thread-274706-1-1.html


#输入法 

解决 FreeBSD10.0 Fctix 无法调出五笔输入法问题
https://www.liurongxing.com/solve-freebsd10-0-fctix-wubi-input-method-can-not-be-recalled-problem.html

在ports里安装的SCIM-table搞掂了

２，编写~/.login_conf以配置用户locale
me:\
:lang=en_US.UTF-8:\
:setenv=LC_CTYPE=zh_CN.UTF-8:\
:charset=UTF-8:


３，安装ibus中文输入法
# cd /usr/ports/textproc/ibus
# make install clean
# cd /usr/ports/textproc/ibus-table
# make install clean
# cd /usr/ports/chinese/ibus-pinyin
# make install clean
% cd ~/
https://github.com/ibus/ibus
% fetch http://ibus.googlecode.com/files/ibus-table-wubi-1.2.0.20090715.tar.gz
% tar zxvf ibus-table-wubi-1.2.0.20090715.tar.gz
% cd ibus-table-wubi-1.2.0.20090715
% ./configure
% make
# cp /home/zhu/ibus-table-wubi-1.2.0.20090715/tables/wubi86.db /usr/local/share/ibus-table/tables/
# chmod 444 /usr/local/share/ibus-table/tables/wubi86.db
# cp /home/zhu/ibus-table-wubi-1.2.0.20090715/icons/wubi86.svg /usr/local/share/ibus-table/icons/
# chmod 444 /usr/local/share/ibus-table/icons/wubi86.svg
% 进入用户桌面右击ibus图标可添加五笔输入法








==ops==
pkg install rsync  






**********************



安装Firefox3.5

#pkg_add -r firefox35

注意：安装过程中会有以下提示：Firefox在显示HTML5的页面元素是会需要模块sem，否则会出现“Bad system call (core dumped)“的错误，可以在/boot/loader.conf加入”sem_load=”YES”来解决这个问题。

 

安装Firefox的多国语言包

#pkg_add -r firefox35-i18n

你太善良》是香港歌手张智霖，
张惠妹 放开你的头脑


就两个文件 另外一个freebsd10 4 desktop 

program/kindlereader 


 Official Mirrors
 https://www.freebsd.org/doc/handbook/eresources-web.html
 
SERVERNAME=portsnap.FreeBSD.org
SERVERNAME=portsnap.cn.FreeBSD.org

portsnap fetch extract






vi /etc/fstab
proc /proc procfs rw 0 0

pkg install lxde-meta
echo 'exec startlxde' >> ~/.xinitrc

lxde 成功了 20170204pm 


evan# vi ~/.xinitrc
#exec startlxde
exec /usr/local/bin/gnome-session





##这个是汉化 在公司虚拟机试了也是可以汉化的 
vi ~/.xinitrc
export LC_ALL=zh_CN.UTF-8
export LANGUAGE=zh_CN.UTF-8.UTF-8
export LANG=zh_CN.UTF-8.UTF-8
exec startlxde




桌面相关的官方文档 
https://www.freebsd.org/doc/handbook/x11-wm.html



echo 'exec enlightenment_start'  >> ~/.xinitrc


##xfce  这个也是成功了 字体好看  不过是英文的呢喃 加上汉化的就行了 
 pkg install xfce
 
#昨天今天就是少了这一步 看来要多提高英文水平哦 
Unlike GNOME or KDE, Xfce does not provide its own login manager. In order to start Xfce from the command line by typing startx, first add its entry to ~/.xinitrc:

% echo "exec /usr/local/bin/startxfce4 --with-ck-launch" > ~/.xinitrc 
 

##gnome3 


09:51
pkg install gnome3  vlc 

have gdm can not add this 
#echo 'exec gnome-session'  >> ~/.xinitrc


多媒体 输入法什么的


 http://download.fcitx-im.org/data/py_stroke-20121124.tar.gz



安装ibus输入法
https://www.freebsdchina.org/forum/viewtopic.php?t=51175&sid=5bec15a709b887fc72faa934267a654d
 
https://github.com/ibus/ibus/wiki
方法一：

cd /usr/ports/chinese/ibus-table-chinese/

evan@home:/usr/ports/chinese/ibus-table-chinese % sudo make install clean 
===>  zh-ibus-table-chinese-1.4.6_1 is marked as broken: Unfetchable (google
code has gone away).
*** Error code 1

Stop.
make: stopped in /usr/ports/chinese/ibus-table-chinese






pkg install ibus  zh-ibus-wubi
pkg install zh-ibus-table 

pkg_add -r zh-ibus-pinyin

自动安装ibus和拼音输入法

 

方法二：

1 # pkg_add -r ibus 安装ibus

2 如下安装拼音输入法

# whereis ibus-pinyin

# ibus-pinyin: /usr/ports/chinese/ibus-pinyin

# cd /usr/ports/chinese/ibus-pinyin

# make install clean

需时约30分钟

 

设置启用ibus:

1.设置locale为UTF-8字符集

如果用csh或者tcsh, .cshrc 中增加

setenv LANG zh_CN.UTF-8

#桌面界面语言为中文 [如果remark掉，则桌面菜单等仍为英文]

setenv LC_CTYPE zh_CN.UTF-8

#locale的character type为UTF-8中文. [如果remark掉，将无法调出中文输入法]

setenv LC_ALL zh_CN.UTF-8

#暂不清楚，推测是locale各项设置改为中文 [remark掉无影响]

 

如果用sh, .shrc中增加 [如果用bash, .bashrc中增加]

export LANG=zh_CN.UTF-8

#桌面界面语言为中文 [如果remark掉，则桌面菜单等仍为英文]

export LC_ALL=zh_CN.UTF-8

#locale的character type为UTF-8中文. [如果remark掉，将无法调出中文输入法]

export LC_ALL=zh_CN.UTF-8

#暂不清楚，推测是locale各项设置改为中文 [remark掉无影响]

 

2.让ibus daemon随X一起启动

.xinitrc中增加

XIM=ibus

GTK_IM_MODULE=ibus

QT_IM_MODULE=xim

XMODIFIERS=’@im=ibus’

XIM_PROGRAM=”ibus-daemon”

XIM_ARGS=”–daemonize –xim”

 

[参考一里有下面的说明, 这部分干啥用的？没照做也ok了]

.profile中添加

export LC_ALL=zh_CN.UTF-8

 

重启, startx, 在panel右击ibus图标->preferences->input method->select an input method->Chinese->pinyin, 点击Add, 点close.

http://blog.shaogroup.com/freebsd-8-1%E6%A1%8C%E9%9D%A2%E5%AE%89%E8%A3%85gnome2-3-%E5%B9%B6%E4%BD%BF%E7%94%A8ibus%E4%B8%AD%E6%96%87%E8%BE%93%E5%85%A5%E6%B3%95.html


IBus
IBus is a modern IME for Unix-like systems, allowing one to input CJK languages. Install the main IME from textproc/ibus as well as QT application support from textproc/ibus-qt.

You’ll need one or more input methods once the IME itself is installed. Ports of interest:

chinese/ibus-chewing - Chewing engine for IBus
chinese/ibus-pinyin - The PinYin input method
japanese/ibus-anthy - Anthy engine for IBus
japanese/ibus-mozc - Mozc engine for IBus
japanese/ibus-skk - SKK engine for IBus
korean/ibus-hangul - Hangul engine for IBus
textproc/ibus-kmfl - KMFL IMEngine for IBus framework
textproc/ibus-m17n - The m17n IMEngine for IBus framework
textproc/ibus-table - Table based IM framework for IBus
Heavyweight desktop environments like GNOME or KDE will let you configure the input method graphically. In GNOME 2 and MATE, for example, you can open the IBus preferences from the Settings > Preferences menu. KDE/Qt users can enable it as the default IME in qtconfig-qt4.

Lightweight window manager users like me can start it in .xinitrc:

~/.xinitrc
export XMODIFIERS="@im=ibus"
export GTK_IM_MODULE="ibus"
export QT_IM_MODULE="ibus"
exec ibus-daemon -d -x &


http://www.freshports.org/textproc/ibus

https://cooltrainer.org/a-freebsd-desktop-howto/

FreeBSD 10.1 安装 mate 配置
http://www.jianshu.com/p/29ec115d1688#


# ee ~/.xinitrc
export lANG="zh_CN.UTF-8"
export LC_ALL="zh_CN.UTF-8"
export LC_CTYPE="zh_CN.UTF-8"
export LC_COLLATE="zh_CN.UTF-8"
export LC_TIME="zh_CN.UTF-8"
export LC_NUMERIC="zh_CN.UTF-8"
export LC_MONETARY="zh_CN.UTF-8"
export LC_MESSAGES="zh_CN.UTF-8"
exec mate-session

//配置 cshrc 文件
# ee .cshrc
setenv XIM ibus
setenv GTK_IM_MODULE ibus
setenv QT_IM_MODULE xim
setenv XMODIFIERS @im=ibus
setenv XIM_PROGRAM ibus-daemon
setenv XIM_ARGS "--daemonize --xim"


**************



pkg install sudo 


visudo 
## Same thing without a password
 %wheel ALL=(ALL) NOPASSWD: ALL

## Uncomment to allow members of group sudo to execute any command
 %sudo ALL=(ALL) NOPASSWD: ALL

or
echo 'evan ALL=(ALL) NOPASSWD:NOPASSWD:ALL' >/usr/local/etc/sudoers


sudo
https://wiki.freebsdchina.org/doc/s/sudo_with_sudo

I also recommend installing sudo (pkg install sudo or found in /usr/ports/security/sudo). sudo is a tool for allowing regular users to use the elevated privileges of the super user (a.k.a. “root” or “su”).

To use elevated privileges the username must belong to the group wheel. If this was not done during installation the username can be added to the group with the following command:

# pw usermod <username> -G wheel

Make sure to use a capital “G”. So if my username were “Jordan” I would execute:

# pw usermod Jordan -G wheel

You can view groups & their members in the file /etc/group:

nano /etc/group

The username must also be added to the sudoers file. Edit the file /usr/local/etc/sudoers. Find the line “root ALL=(ALL) ALL” & add a similar line using the username instead of root:

##
## User privilege specification
##
root ALL=(ALL) ALL
Jordan ALL=(ALL) ALL

Save the changes. Now you can log in with your username & execute commands with elevated privileges using sudo:


IDE
pkg install intellij-pycharm
or 

cd /usr/ports/java/intellij-pycharm/ && make install clean
#To add the package:

https://www.freshports.org/java/intellij-pycharm/


/usr/home/evan  /home/evan  有什么区别 


**********************************


步驟1.修改 portsnap 設定檔 (portsnap.conf)
修改 portsnap 設定檔 (/etc/portsnap.conf) 將下載主機修改為離主機較近的 Portsnap Proxy Host

 #vi /etc/portsnap.conf
 SERVERNAME=portsnap.FreeBSD.org      //預設值
 SERVERNAME=portsnap.tw.FreeBSD.org   //修改為離我們較近的主機
 SERVERNAME=portsnap.webamp.cc        //或使用 Giga WebAMP 所提供的 Portsnap Proxy
步驟2.更新 Port Tree
第一次使用 Portsnap 時需先取得 Ports System 的 Snapshot 並解開，鍵入如下指令即可

 #portsnap fetch extract
日後要更新時 /usr/ports (Port Tree) 則執行如下指令即可

 #portsnap fetch update      
步驟3.查看 Ports Tree 是否更新
執行完 Portsnap 更新 Ports Tree 後查看一下系統中的 Ports Tree 是否確實更新

 #less /usr/ports/UPDATING                                 //查看 Ports Tree 更新說明檔
 20060212:                                                 //是否為較新的日期
  AFFECTS: users of mail/dcc-dccd
  AUTHOR: ehaupt@FreeBSD.org




https://wiki.lxde.org/en/FreeBSD


http://blog.linuxchina.net/?p=993

https://www.freebsd.org/doc/handbook/x11-wm.html
https://antumdeluge.wordpress.com/2014/07/19/how-to-install-freebsd/

https://forums.freebsd.org/threads/57329/

Installing Mate desktop on FreeBSD 11
http://www.vpierre.it/installing-mate-desktop-on-freebsd-11/



# Packages使用方法这个不能用了
setenv PACKAGESITE http://mirrors.aliyun.com/freebsd/releases/i386/8.1-RELEASE/packages/Latest/
pkg_add -r package #package为要安装的软件名

                    http://mirrors.aliyun.com/freebsd/releases/arm64/11.0-RELEASE/packages/Latest/
                    
          


== ==          




###fvwm 
FreeBSD汉化+FVWM
http://zqscm.qiniucdn.com/data/20090728100241/index.html

1 中文环境
  pkg_add -r zh-auto-ch-l10n
  这个命令好像作了不少事情，我忘记是否下载了wenquanyi字体，没有的话，再手动来一遍
　pkg_add -r wqy
  下边的不知道是不是必须的
　　在设置好xorg.conf中fontpath的前题下，执行
   fc-cache -fv，让系统加入wqy字体
  输入法如果没下载的话，可以
　pkg_add -r fcitx,我是用五笔的
　然后，配置中文的locale


  在~/.chsrc里，增加
　setenv LANG zh_CN.eucCN
  setenv LC_CTYPE zh_CN.eucCN
 setenv LC_ALL zh_CN.eucCN
  上边是中文local，lc_all好像不是必须要设置的
　下边设置输入法
  setenv XMODIFIERS @im=fcitx

2 fvwm，这个东西小快，够用了
  pkg_add -r fvwm

3 使用fvwm作为桌面
  在~下，找一下有没有.xinitrc文件，没有就搞一个出来
　　内容是
　　exec fvwm
  如果要输入法也一并启动则为
　　fcitx&
    exec fvwm

                    
freenas Mount ext4 partition
http://blog.linuxchina.net/?p=1782

linux: mount UFS filesystem
http://blog.linuxchina.net/?p=1776

Linux® 用户的 FreeBSD 快速入门向导
https://www.freebsd.org/doc/zh_CN/articles/linux-users/index.html




https://freebsdchina.org/forum/topic_63558.html

https://www.enlightenment.org/distros/freebsd-start

https://www.freebsd.org/doc/zh_CN.UTF-8/books/handbook/updating-upgrading-portsnap.html

https://www.trueos.org/handbook/preinstall.html



